../hardware/MAX30102s.c:46:17:max30102s_WriteReg	32	static
../hardware/MAX30102s.c:66:17:max30102s_ReadReg	32	static
../hardware/MAX30102s.c:87:17:max30102s_WriteRegisterBit	24	static
../hardware/MAX30102s.c:117:17:max30102s_ReadFifo	40	static
../hardware/MAX30102s.c:156:17:max30102s_InterruptEnable	16	static
../hardware/MAX30102s.c:182:17:max30102s_ReadInterruptStatus	24	static
../hardware/MAX30102s.c:205:6:max30102s_InterruptCallback	16	static
../hardware/MAX30102s.c:245:17:max30102s_FifoConfiguration	16	static
../hardware/MAX30102s.c:276:17:max30102s_FifoSampleAveraging	24	static
../hardware/MAX30102s.c:305:17:max30102s_FifoRolloverEnable	16	static
../hardware/MAX30102s.c:321:17:max30102s_FifoAlmostFullValue	24	static
../hardware/MAX30102s.c:360:17:max30102s_Reset	16	static
../hardware/MAX30102s.c:390:17:max30102s_SetMode	24	static
../hardware/MAX30102s.c:418:17:max30102s_SpO2AdcRange	24	static
../hardware/MAX30102s.c:439:17:max30102s_SpO2SampleRate	24	static
../hardware/MAX30102s.c:460:17:max30102s_SpO2LedPulseWidth	24	static
../hardware/MAX30102s.c:491:17:max30102s_Led1PulseAmplitude	16	static
../hardware/MAX30102s.c:501:17:max30102s_Led2PulseAmplitude	16	static
../hardware/MAX30102s.c:519:9:max30102s_GetHeartRate	4	static
../hardware/MAX30102s.c:524:7:max30102s_GetSpO2Value	4	static
../hardware/MAX30102s.c:537:6:max30102s_Task	8	static
../hardware/MAX30102s.c:625:17:max30102s_Init	24	static
