../hardware/MAX30102.c:47:17:Max30102_WriteReg	32	static
../hardware/MAX30102.c:67:17:Max30102_ReadReg	32	static
../hardware/MAX30102.c:88:17:Max30102_WriteRegisterBit	24	static
../hardware/MAX30102.c:118:17:Max30102_ReadFifo	40	static
../hardware/MAX30102.c:157:17:Max30102_InterruptEnable	16	static
../hardware/MAX30102.c:183:17:Max30102_ReadInterruptStatus	24	static
../hardware/MAX30102.c:206:6:Max30102_InterruptCallback	16	static
../hardware/MAX30102.c:246:17:Max30102_FifoConfiguration	16	static
../hardware/MAX30102.c:277:17:Max30102_FifoSampleAveraging	24	static
../hardware/MAX30102.c:306:17:Max30102_FifoRolloverEnable	16	static
../hardware/MAX30102.c:322:17:Max30102_FifoAlmostFullValue	24	static
../hardware/MAX30102.c:361:17:Max30102_Reset	16	static
../hardware/MAX30102.c:391:17:Max30102_SetMode	24	static
../hardware/MAX30102.c:419:17:Max30102_SpO2AdcRange	24	static
../hardware/MAX30102.c:440:17:Max30102_SpO2SampleRate	24	static
../hardware/MAX30102.c:461:17:Max30102_SpO2LedPulseWidth	24	static
../hardware/MAX30102.c:492:17:Max30102_Led1PulseAmplitude	16	static
../hardware/MAX30102.c:502:17:Max30102_Led2PulseAmplitude	16	static
../hardware/MAX30102.c:520:9:Max30102_GetHeartRate	4	static
../hardware/MAX30102.c:525:7:Max30102_GetSpO2Value	4	static
../hardware/MAX30102.c:538:6:Max30102_Task	8	static
../hardware/MAX30102.c:629:17:Max30102_Init	24	static
